ESP-ROM:esp32s3-20210327
Build:Mar 27 2021
rst:0x15 (USB_UART_CHIP_RESET),boot:0x8 (SPI_FAST_FLASH_BOOT)
Saved PC:0x40378c75
0x40378c75 - npl_freertos_eventq_get
    at /home/esp/iot/esp-idf/components/bt/host/nimble/nimble/porting/npl/freertos/src/npl_os_freertos.c:284
SPIWP:0xee
mode:DIO, clock div:2
load:0x3fce3818,len:0x16f8
0x3fce3818 - _btdm_bss_end
    at ??:??
load:0x403c9700,len:0x4
0x403c9700 - _iram_data_start
    at ??:??
load:0x403c9704,len:0xc00
0x403c9704 - _iram_data_start
    at ??:??
load:0x403cc700,len:0x2eb0
0x403cc700 - _iram_data_start
    at ??:??
SHA-256 comparison failed:
Calculated: 9e7b8c8d53c0514c12b6eb2f4d48f985182d9c70a488ad4caf71e08902c97372
Expected: 3499e4149a363c2b1ee4ee9709ca5031f50ee6b595a532f697c8659516763ae3
Attempting to boot anyway...
entry 0x403c9908
0x403c9908 - _iram_data_start
    at ??:??
I (45) boot: ESP-IDF v5.1-beta1-378-gea5e0ff298-dirt 2nd stage bootloader
I (46) boot: compile time Jun  7 2023 08:07:32
I (47) boot: Multicore bootloader
I (51) boot: chip revision: v0.1
I (55) boot.esp32s3: Boot SPI Speed : 40MHz
I (59) boot.esp32s3: SPI Mode       : DIO
I (64) boot.esp32s3: SPI Flash Size : 16MB
I (69) boot: Enabling RNG early entropy source...
I (74) boot: Partition Table:
I (78) boot: ## Label            Usage          Type ST Offset   Length
I (85) boot:  0 nvs              WiFi data        01 02 00009000 00006000
I (93) boot:  1 phy_init         RF data          01 01 0000f000 00001000
I (100) boot:  2 factory          factory app      00 00 00010000 00fa0000
I (108) boot: End of partition table
I (112) esp_image: segment 0: paddr=00010020 vaddr=3c0a0020 size=2bf3ch (180028) map
I (165) esp_image: segment 1: paddr=0003bf64 vaddr=3fc96500 size=040b4h ( 16564) load
I (170) esp_image: segment 2: paddr=00040020 vaddr=42000020 size=92774h (599924) map
I (320) esp_image: segment 3: paddr=000d279c vaddr=3fc9a5b4 size=002c4h (   708) load
I (321) esp_image: segment 4: paddr=000d2a68 vaddr=40374000 size=12484h ( 74884) load
I (355) boot: Loaded app from partition at offset 0x10000
I (356) boot: Disabling RNG early entropy source...
I (367) cpu_start: Multicore app
I (367) cpu_start: Pro cpu up.
I (367) cpu_start: Starting app cpu, entry point is 0x403762e0
0x403762e0 - call_start_cpu1
    at /home/esp/iot/esp-idf/components/esp_system/port/cpu_start.c:157
I (0) cpu_start: App cpu up.
I (386) cpu_start: Pro cpu start user code
I (386) cpu_start: cpu freq: 160000000 Hz
I (386) cpu_start: Application information:
I (389) cpu_start: Project name:     libespidf
I (394) cpu_start: App version:      1
I (398) cpu_start: Compile time:     Dec 21 2023 20:22:54
I (404) cpu_start: ELF file SHA256:  0000000000000000...
I (410) cpu_start: ESP-IDF:          v5.1.2-dirty
I (416) cpu_start: Min chip rev:     v0.0
I (420) cpu_start: Max chip rev:     v0.99
I (425) cpu_start: Chip rev:         v0.1
I (430) heap_init: Initializing. RAM available for dynamic allocation:
I (437) heap_init: At 3FC9E6C0 len 0004B050 (300 KiB): DRAM
I (443) heap_init: At 3FCE9710 len 00005724 (21 KiB): STACK/DRAM
I (450) heap_init: At 3FCF0000 len 00008000 (32 KiB): DRAM
I (456) heap_init: At 600FE010 len 00001FD8 (7 KiB): RTCRAM
I (464) spi_flash: detected chip: gd
I (467) spi_flash: flash io: dio
W (471) rmt(legacy): legacy driver is deprecated, please migrate to `driver/rmt_tx.h` and/or `driver/rmt_rx.h`
W (481) pcnt(legacy): legacy driver is deprecated, please migrate to `driver/pulse_cnt.h`
W (490) timer_group: legacy driver is deprecated, please migrate to `driver/gptimer.h`
I (499) sleep: Configure to isolate all GPIO pins in sleep state
I (506) sleep: Enable automatic switching of GPIO sleep configuration
I (513) coexist: coex firmware version: b6d5e8c
I (518) coexist: coexist rom version e7ae62f
I (523) app_start: Starting scheduler on CPU0
I (528) app_start: Starting scheduler on CPU1
I (528) main_task: Started on CPU0
I (538) main_task: Calling app_main()
I (538) miscomp: Hello, world!
I (558) BLE_INIT: BT controller compile version [59725b5]
I (558) BLE_INIT: Bluetooth MAC: 7c:df:a1:fd:c4:92

I (558) phy_init: phy_version 620,ec7ec30,Sep  5 2023,13:49:13
W (568) phy_init: failed to load RF calibration data (0xffffffff), falling back to full calibration
0xffffffff - _rtc_reserved_end
    at ??:??
I (628) miscomp: BLE Host Task Started
I (628) NimBLE: GAP procedure initiated: stop advertising.

I (628) NimBLE: Failed to restore IRKs from store; status=8

I (638) miscomp: Device Address: 7C:DF:A1:FD:C4:92
I (638) miscomp: esp_ble_mesh_init
I (708) miscomp: PROVISION EVENT: 0; param: 0x3fcb70c4
0x3fcb70c4 - _btdm_bss_end
    at ??:??
I (708) miscomp: ESP_BLE_MESH_PROV_REGISTER_COMP_EVT, err_code 0
I (718) miscomp: esp_ble_mesh_node_prov_enable
I (718) NimBLE: GAP procedure initiated: discovery;
I (728) NimBLE: own_addr_type=0 filter_policy=0 passive=1 limited=0 filter_duplicates=1
I (728) NimBLE: duration=forever
I (738) NimBLE:

I (738) NimBLE: GAP procedure initiated: advertise;
I (748) NimBLE: disc_mode=0
I (748) NimBLE:  adv_channel_map=0 own_addr_type=0 adv_filter_policy=0 adv_itvl_min=32 adv_itvl_max=32
I (758) NimBLE:

E (758) BLE_MESH: (bt_mesh_gatts_service_start:else) abcabcabca
I (768) miscomp: PROVISION EVENT: 2; param: 0x3fcb54ec
0x3fcb54ec - _btdm_bss_end
    at ??:??
I (778) miscomp: ESP_BLE_MESH_NODE_PROV_ENABLE_COMP_EVT, err_code 0
I (778) miscomp: sleeping...
I (848) NimBLE: GAP procedure initiated: stop advertising.

I (848) NimBLE: GAP procedure initiated: advertise;
I (848) NimBLE: disc_mode=2
I (848) NimBLE:  adv_channel_map=0 own_addr_type=0 adv_filter_policy=0 adv_itvl_min=32 adv_itvl_max=32
I (858) NimBLE:

I (5758) NimBLE: GAP procedure initiated: stop advertising.

I (5768) NimBLE: GAP procedure initiated: advertise;
I (5768) NimBLE: disc_mode=0
I (5768) NimBLE:  adv_channel_map=0 own_addr_type=0 adv_filter_policy=0 adv_itvl_min=32 adv_itvl_max=32
I (5778) NimBLE:

I (5868) NimBLE: GAP procedure initiated: stop advertising.

I (5868) NimBLE: GAP procedure initiated: advertise;
I (5868) NimBLE: disc_mode=2
I (5868) NimBLE:  adv_channel_map=0 own_addr_type=0 adv_filter_policy=0 adv_itvl_min=32 adv_itvl_max=32
I (5878) NimBLE:

I (10768) NimBLE: GAP procedure initiated: stop advertising.

I (10768) NimBLE: GAP procedure initiated: advertise;
I (10768) NimBLE: disc_mode=0
I (10768) NimBLE:  adv_channel_map=0 own_addr_type=0 adv_filter_policy=0 adv_itvl_min=32 adv_itvl_max=32
I (10778) NimBLE:

I (10878) NimBLE: GAP procedure initiated: stop advertising.

I (10878) NimBLE: GAP procedure initiated: advertise;
I (10878) NimBLE: disc_mode=2
I (10878) NimBLE:  adv_channel_map=0 own_addr_type=0 adv_filter_policy=0 adv_itvl_min=32 adv_itvl_max=32
I (10888) NimBLE:

I (15788) NimBLE: GAP procedure initiated: stop advertising.

I (15788) NimBLE: GAP procedure initiated: advertise;
I (15788) NimBLE: disc_mode=0
I (15788) NimBLE:  adv_channel_map=0 own_addr_type=0 adv_filter_policy=0 adv_itvl_min=32 adv_itvl_max=32
I (15798) NimBLE:

I (15898) NimBLE: GAP procedure initiated: stop advertising.

I (15898) NimBLE: GAP procedure initiated: advertise;
I (15898) NimBLE: disc_mode=2
I (15898) NimBLE:  adv_channel_map=0 own_addr_type=0 adv_filter_policy=0 adv_itvl_min=32 adv_itvl_max=32
I (15908) NimBLE:

I (20808) NimBLE: GAP procedure initiated: stop advertising.

I (20808) NimBLE: GAP procedure initiated: advertise;
I (20808) NimBLE: disc_mode=0
I (20808) NimBLE:  adv_channel_map=0 own_addr_type=0 adv_filter_policy=0 adv_itvl_min=32 adv_itvl_max=32
I (20818) NimBLE:

I (20918) NimBLE: GAP procedure initiated: stop advertising.

I (20918) NimBLE: GAP procedure initiated: advertise;
I (20918) NimBLE: disc_mode=2
I (20918) NimBLE:  adv_channel_map=0 own_addr_type=0 adv_filter_policy=0 adv_itvl_min=32 adv_itvl_max=32
I (20928) NimBLE:

I (25828) NimBLE: GAP procedure initiated: stop advertising.

I (25828) NimBLE: GAP procedure initiated: advertise;
I (25828) NimBLE: disc_mode=0
I (25828) NimBLE:  adv_channel_map=0 own_addr_type=0 adv_filter_policy=0 adv_itvl_min=32 adv_itvl_max=32
I (25838) NimBLE:

I (25938) NimBLE: GAP procedure initiated: stop advertising.


...